// Jest Snapshot v1, https://goo.gl/fbAQLP

exports[`generateTestCases should generate a test case per module 1`] = `
"describe(\\"mod1\\", () => {
  it(\\"should fail auto generated test\\", () => {
    expect(mod1()).toBe(false);
  });
});
describe(\\"mod2\\", () => {
  it(\\"should fail auto generated test\\", () => {
    expect(mod2()).toBe(false);
  });
});
"
`;
